// Jest Snapshot v1, https://goo.gl/fbAQLP

exports[`expects to render ReadOnlyForm component 1`] = `
<styled.div>
  <form
    onSubmit={[Function]}
  >
    <styled.label>
      Guppy URL
      <styled.input
        readOnly={true}
        value="https://localhost:5000/kdfjq2"
      />
    </styled.label>
    <styled.div>
      <styled.button>
        Copy
      </styled.button>
    </styled.div>
  </form>
</styled.div>
`;
